// Jest Snapshot v1, https://goo.gl/fbAQLP

exports[`renders correctly 1`] = `
<main>
  <h2>
    Welcome to our page!
  </h2>
  <p>
    Lorem ipsum dolor sit amet, consectetur adipiscing elit. Nulla placerat magna eget purus vulputate sagittis. Aliquam non accumsan lacus. Curabitur ultrices dolor quis efficitur efficitur. Proin porttitor aliquet lorem sit amet efficitur. In dictum sem a nisl dictum, at cursus tellus gravida. Sed vitae risus sed dui congue elementum ac non metus. Suspendisse luctus nisi in elit tincidunt eleifend. Sed vestibulum justo ut mi facilisis, sit amet elementum quam molestie. Praesent luctus massa nibh, ut sagittis lectus elementum eu. Phasellus at ex sit amet nisl finibus gravida a ac risus. In id elit blandit, fringilla odio ac, finibus tortor. Etiam sapien lorem, hendrerit sagittis consequat sed, gravida nec ante. Nam et dolor ac diam posuere pharetra a ultrices quam. Nulla facilisi. Cras id cursus nibh. Praesent id metus sit amet lorem viverra iaculis.
  </p>
  <p>
    Lorem ipsum dolor sit amet, consectetur adipiscing elit. Nulla placerat magna eget purus vulputate sagittis. Aliquam non accumsan lacus. Curabitur ultrices dolor quis efficitur efficitur. Proin porttitor aliquet lorem sit amet efficitur. In dictum sem a nisl dictum, at cursus tellus gravida. Sed vitae risus sed dui congue elementum ac non metus. Suspendisse luctus nisi in elit tincidunt eleifend. Sed vestibulum justo ut mi facilisis, sit amet elementum quam molestie. Praesent luctus massa nibh, ut sagittis lectus elementum eu. Phasellus at ex sit amet nisl finibus gravida a ac risus. In id elit blandit, fringilla odio ac, finibus tortor. Etiam sapien lorem, hendrerit sagittis consequat sed, gravida nec ante. Nam et dolor ac diam posuere pharetra a ultrices quam. Nulla facilisi. Cras id cursus nibh. Praesent id metus sit amet lorem viverra iaculis.
  </p>
</main>
`;
