// Jest Snapshot v1, https://goo.gl/fbAQLP

exports[`renders correctly 1`] = `
<div
  className="navigation"
>
  <h1>
    Math Magicians
  </h1>
  <nav>
    <a
      className="home"
      href="/Home"
      onClick={[Function]}
    >
      Home
    </a>
    <a
      className="calc"
      href="/Calculator"
      onClick={[Function]}
    >
      Calculator
    </a>
    <a
      className="quotes"
      href="/Quotes"
      onClick={[Function]}
    >
      Quotes
    </a>
  </nav>
</div>
`;
